{
  "services": [
    {
      "Name": "mounts-matrix-app",
      "Description": "Service app from project mounts-matrix",
      "Container": {
        "Image": "myapp:1.0",
        "Command": null,
        "Args": null,
        "Env": {},
        "EnvFiles": null,
        "WorkingDir": "",
        "User": "",
        "Group": "",
        "Ports": null,
        "Mounts": [
          {
            "Source": "/host/config",
            "Target": "/app/config",
            "Type": "bind",
            "ReadOnly": false,
            "Options": {},
            "BindOptions": null
          },
          {
            "Source": "data",
            "Target": "/app/data",
            "Type": "bind",
            "ReadOnly": false,
            "Options": {},
            "BindOptions": null
          },
          {
            "Source": "/readonly",
            "Target": "/app/ro",
            "Type": "bind",
            "ReadOnly": true,
            "Options": {},
            "BindOptions": null
          },
          {
            "Source": "",
            "Target": "/tmp/scratch",
            "Type": "tmpfs",
            "ReadOnly": false,
            "Options": {},
            "BindOptions": null
          },
          {
            "Source": "app-data",
            "Target": "/app/storage",
            "Type": "volume",
            "ReadOnly": false,
            "Options": {},
            "BindOptions": null
          },
          {
            "Source": "cache",
            "Target": "/tmp/cache",
            "Type": "volume",
            "ReadOnly": false,
            "Options": {},
            "BindOptions": null
          }
        ],
        "Resources": {
          "Memory": "",
          "MemoryReservation": "",
          "MemorySwap": "",
          "CPUShares": 0,
          "CPUQuota": 0,
          "CPUPeriod": 0,
          "PidsLimit": 0
        },
        "RestartPolicy": "no",
        "Healthcheck": null,
        "Security": {
          "Privileged": false,
          "CapAdd": null,
          "CapDrop": null,
          "SecurityOpt": null,
          "ReadonlyRootfs": false,
          "SELinuxType": "",
          "AppArmorProfile": "",
          "SeccompProfile": ""
        },
        "Build": null,
        "Labels": null,
        "Hostname": "",
        "ContainerName": "mounts-matrix-app",
        "Entrypoint": null,
        "Init": false,
        "ReadOnly": false,
        "Logging": {
          "Driver": "",
          "Options": null
        },
        "Secrets": null,
        "Network": {
          "Mode": "bridge",
          "Aliases": null
        },
        "Tmpfs": null,
        "Ulimits": null,
        "Sysctls": null,
        "UserNS": "",
        "PodmanArgs": null,
        "PidsLimit": 0
      },
      "Volumes": [
        {
          "Name": "mounts-matrix-mounts-matrix_app-data",
          "Driver": "local",
          "Options": null,
          "Labels": null,
          "External": false
        },
        {
          "Name": "mounts-matrix-mounts-matrix_cache",
          "Driver": "local",
          "Options": null,
          "Labels": null,
          "External": false
        }
      ],
      "Networks": [
        {
          "Name": "mounts-matrix-mounts-matrix_default",
          "Driver": "",
          "Options": null,
          "Labels": null,
          "IPAM": null,
          "Internal": false,
          "IPv6": false,
          "External": false
        }
      ],
      "DependsOn": null,
      "Annotations": null
    }
  ],
  "volumes": [
    {
      "Name": "mounts-matrix-mounts-matrix_app-data",
      "Driver": "local",
      "Options": null,
      "Labels": null,
      "External": false
    },
    {
      "Name": "mounts-matrix-mounts-matrix_cache",
      "Driver": "local",
      "Options": null,
      "Labels": null,
      "External": false
    }
  ],
  "networks": [
    {
      "Name": "mounts-matrix-mounts-matrix_default",
      "Driver": "",
      "Options": null,
      "Labels": null,
      "IPAM": null,
      "Internal": false,
      "IPv6": false,
      "External": false
    }
  ]
}