{
  "services": [
    {
      "Name": "resources-limits-app",
      "Description": "Service app from project resources-limits",
      "Container": {
        "Image": "myapp:1.0",
        "Command": null,
        "Args": null,
        "Env": {},
        "EnvFiles": null,
        "WorkingDir": "",
        "User": "",
        "Group": "",
        "Ports": null,
        "Mounts": null,
        "Resources": {
          "Memory": "512m",
          "MemoryReservation": "256m",
          "MemorySwap": "",
          "CPUShares": 0,
          "CPUQuota": 150000,
          "CPUPeriod": 100000,
          "PidsLimit": 100
        },
        "RestartPolicy": "no",
        "Healthcheck": null,
        "Security": {
          "Privileged": false,
          "CapAdd": null,
          "CapDrop": null,
          "SecurityOpt": null,
          "ReadonlyRootfs": false,
          "SELinuxType": "",
          "AppArmorProfile": "",
          "SeccompProfile": ""
        },
        "Build": null,
        "Labels": null,
        "Hostname": "",
        "ContainerName": "resources-limits-app",
        "Entrypoint": null,
        "Init": false,
        "ReadOnly": false,
        "Logging": {
          "Driver": "",
          "Options": null
        },
        "Secrets": null,
        "Network": {
          "Mode": "bridge",
          "Aliases": null
        },
        "Tmpfs": null,
        "Ulimits": [
          {
            "Name": "nofile",
            "Soft": 1024,
            "Hard": 2048
          },
          {
            "Name": "nproc",
            "Soft": 0,
            "Hard": 0
          }
        ],
        "Sysctls": {
          "net.core.somaxconn": "1024",
          "net.ipv4.tcp_syncookies": "0"
        },
        "UserNS": "",
        "PodmanArgs": null,
        "PidsLimit": 0
      },
      "Volumes": null,
      "Networks": [
        {
          "Name": "resources-limits-resources-limits_default",
          "Driver": "",
          "Options": null,
          "Labels": null,
          "IPAM": null,
          "Internal": false,
          "IPv6": false,
          "External": false
        }
      ],
      "DependsOn": null,
      "Annotations": null
    }
  ],
  "volumes": null,
  "networks": [
    {
      "Name": "resources-limits-resources-limits_default",
      "Driver": "",
      "Options": null,
      "Labels": null,
      "IPAM": null,
      "Internal": false,
      "IPv6": false,
      "External": false
    }
  ]
}