{
  "services": [
    {
      "Name": "security-and-user-app",
      "Description": "Service app from project security-and-user",
      "Container": {
        "Image": "myapp:1.0",
        "Command": null,
        "Args": null,
        "Env": {},
        "EnvFiles": null,
        "WorkingDir": "/app",
        "User": "1000",
        "Group": "1000",
        "Ports": null,
        "Mounts": null,
        "Resources": {
          "Memory": "",
          "MemoryReservation": "",
          "MemorySwap": "",
          "CPUShares": 0,
          "CPUQuota": 0,
          "CPUPeriod": 0,
          "PidsLimit": 0
        },
        "RestartPolicy": "no",
        "Healthcheck": null,
        "Security": {
          "Privileged": false,
          "CapAdd": [
            "NET_ADMIN",
            "SYS_TIME"
          ],
          "CapDrop": [
            "ALL"
          ],
          "SecurityOpt": [
            "seccomp=unconfined",
            "apparmor=docker-default",
            "label=type:container_runtime_t"
          ],
          "ReadonlyRootfs": true,
          "SELinuxType": "container_runtime_t",
          "AppArmorProfile": "docker-default",
          "SeccompProfile": "unconfined"
        },
        "Build": null,
        "Labels": null,
        "Hostname": "myapp-host",
        "ContainerName": "security-and-user-app",
        "Entrypoint": null,
        "Init": false,
        "ReadOnly": true,
        "Logging": {
          "Driver": "",
          "Options": null
        },
        "Secrets": null,
        "Network": {
          "Mode": "bridge",
          "Aliases": null
        },
        "Tmpfs": null,
        "Ulimits": null,
        "Sysctls": null,
        "UserNS": "",
        "PodmanArgs": null,
        "PidsLimit": 0
      },
      "Volumes": null,
      "Networks": [
        {
          "Name": "security-and-user-security-and-user_default",
          "Driver": "",
          "Options": null,
          "Labels": null,
          "IPAM": null,
          "Internal": false,
          "IPv6": false,
          "External": false
        }
      ],
      "DependsOn": null,
      "Annotations": null
    }
  ],
  "volumes": null,
  "networks": [
    {
      "Name": "security-and-user-security-and-user_default",
      "Driver": "",
      "Options": null,
      "Labels": null,
      "IPAM": null,
      "Internal": false,
      "IPv6": false,
      "External": false
    }
  ]
}