{
  "services": [
    {
      "Name": "ports-matrix-web",
      "Description": "Service web from project ports-matrix",
      "Container": {
        "Image": "nginx:latest",
        "Command": null,
        "Args": null,
        "Env": {},
        "EnvFiles": null,
        "WorkingDir": "",
        "User": "",
        "Group": "",
        "Ports": [
          {
            "Host": "",
            "HostPort": 0,
            "Container": 80,
            "Protocol": "tcp"
          },
          {
            "Host": "",
            "HostPort": 8000,
            "Container": 8000,
            "Protocol": "tcp"
          },
          {
            "Host": "",
            "HostPort": 8080,
            "Container": 80,
            "Protocol": "tcp"
          },
          {
            "Host": "",
            "HostPort": 8090,
            "Container": 80,
            "Protocol": "udp"
          },
          {
            "Host": "",
            "HostPort": 9000,
            "Container": 9000,
            "Protocol": "tcp"
          },
          {
            "Host": "",
            "HostPort": 9001,
            "Container": 9001,
            "Protocol": "tcp"
          },
          {
            "Host": "",
            "HostPort": 9002,
            "Container": 9002,
            "Protocol": "tcp"
          },
          {
            "Host": "0.0.0.0",
            "HostPort": 8001,
            "Container": 8001,
            "Protocol": "tcp"
          },
          {
            "Host": "127.0.0.1",
            "HostPort": 8443,
            "Container": 443,
            "Protocol": "tcp"
          }
        ],
        "Mounts": null,
        "Resources": {
          "Memory": "",
          "MemoryReservation": "",
          "MemorySwap": "",
          "CPUShares": 0,
          "CPUQuota": 0,
          "CPUPeriod": 0,
          "PidsLimit": 0
        },
        "RestartPolicy": "no",
        "Healthcheck": null,
        "Security": {
          "Privileged": false,
          "CapAdd": null,
          "CapDrop": null,
          "SecurityOpt": null,
          "ReadonlyRootfs": false,
          "SELinuxType": "",
          "AppArmorProfile": "",
          "SeccompProfile": ""
        },
        "Build": null,
        "Labels": null,
        "Hostname": "",
        "ContainerName": "ports-matrix-web",
        "Entrypoint": null,
        "Init": false,
        "ReadOnly": false,
        "Logging": {
          "Driver": "",
          "Options": null
        },
        "Secrets": null,
        "Network": {
          "Mode": "bridge",
          "Aliases": null
        },
        "Tmpfs": null,
        "Ulimits": null,
        "Sysctls": null,
        "UserNS": "",
        "PodmanArgs": null,
        "PidsLimit": 0
      },
      "Volumes": null,
      "Networks": [
        {
          "Name": "ports-matrix-ports-matrix_default",
          "Driver": "",
          "Options": null,
          "Labels": null,
          "IPAM": null,
          "Internal": false,
          "IPv6": false,
          "External": false
        }
      ],
      "DependsOn": null,
      "Annotations": null
    }
  ],
  "volumes": null,
  "networks": [
    {
      "Name": "ports-matrix-ports-matrix_default",
      "Driver": "",
      "Options": null,
      "Labels": null,
      "IPAM": null,
      "Internal": false,
      "IPv6": false,
      "External": false
    }
  ]
}