{
  "services": [
    {
      "Name": "basic-multi-service-app",
      "Description": "Service app from project basic-multi-service",
      "Container": {
        "Image": "myapp:1.0",
        "Command": null,
        "Args": null,
        "Env": {
          "DEBUG": "true",
          "PORT": "3000"
        },
        "EnvFiles": null,
        "WorkingDir": "",
        "User": "",
        "Group": "",
        "Ports": null,
        "Mounts": [
          {
            "Source": "app-data",
            "Target": "/data",
            "Type": "volume",
            "ReadOnly": false,
            "Options": {},
            "BindOptions": null
          }
        ],
        "Resources": {
          "Memory": "",
          "MemoryReservation": "",
          "MemorySwap": "",
          "CPUShares": 0,
          "CPUQuota": 0,
          "CPUPeriod": 0,
          "PidsLimit": 0
        },
        "RestartPolicy": "always",
        "Healthcheck": null,
        "Security": {
          "Privileged": false,
          "CapAdd": null,
          "CapDrop": null,
          "SecurityOpt": null,
          "ReadonlyRootfs": false,
          "SELinuxType": "",
          "AppArmorProfile": "",
          "SeccompProfile": ""
        },
        "Build": null,
        "Labels": null,
        "Hostname": "",
        "ContainerName": "basic-multi-service-app",
        "Entrypoint": null,
        "Init": false,
        "ReadOnly": false,
        "Logging": {
          "Driver": "",
          "Options": null
        },
        "Secrets": null,
        "Network": {
          "Mode": "bridge",
          "Aliases": null
        },
        "Tmpfs": null,
        "Ulimits": null,
        "Sysctls": null,
        "UserNS": "",
        "PodmanArgs": null,
        "PidsLimit": 0
      },
      "Volumes": [
        {
          "Name": "basic-multi-service-basic-multi-service_app-data",
          "Driver": "local",
          "Options": null,
          "Labels": null,
          "External": false
        },
        {
          "Name": "basic-multi-service-basic-multi-service_db-data",
          "Driver": "local",
          "Options": null,
          "Labels": null,
          "External": false
        }
      ],
      "Networks": [
        {
          "Name": "basic-multi-service-basic-multi-service_backend",
          "Driver": "bridge",
          "Options": null,
          "Labels": null,
          "IPAM": null,
          "Internal": false,
          "IPv6": false,
          "External": false
        },
        {
          "Name": "basic-multi-service-basic-multi-service_frontend",
          "Driver": "bridge",
          "Options": null,
          "Labels": null,
          "IPAM": null,
          "Internal": false,
          "IPv6": false,
          "External": false
        }
      ],
      "DependsOn": null,
      "Annotations": null
    },
    {
      "Name": "basic-multi-service-db",
      "Description": "Service db from project basic-multi-service",
      "Container": {
        "Image": "postgres:15",
        "Command": null,
        "Args": null,
        "Env": {
          "POSTGRES_DB": "myapp",
          "POSTGRES_PASSWORD": "secret123",
          "POSTGRES_USER": "app"
        },
        "EnvFiles": null,
        "WorkingDir": "",
        "User": "",
        "Group": "",
        "Ports": null,
        "Mounts": [
          {
            "Source": "db-data",
            "Target": "/var/lib/postgresql/data",
            "Type": "volume",
            "ReadOnly": false,
            "Options": {},
            "BindOptions": null
          }
        ],
        "Resources": {
          "Memory": "",
          "MemoryReservation": "",
          "MemorySwap": "",
          "CPUShares": 0,
          "CPUQuota": 0,
          "CPUPeriod": 0,
          "PidsLimit": 0
        },
        "RestartPolicy": "always",
        "Healthcheck": null,
        "Security": {
          "Privileged": false,
          "CapAdd": null,
          "CapDrop": null,
          "SecurityOpt": null,
          "ReadonlyRootfs": false,
          "SELinuxType": "",
          "AppArmorProfile": "",
          "SeccompProfile": ""
        },
        "Build": null,
        "Labels": null,
        "Hostname": "",
        "ContainerName": "basic-multi-service-db",
        "Entrypoint": null,
        "Init": false,
        "ReadOnly": false,
        "Logging": {
          "Driver": "",
          "Options": null
        },
        "Secrets": null,
        "Network": {
          "Mode": "bridge",
          "Aliases": null
        },
        "Tmpfs": null,
        "Ulimits": null,
        "Sysctls": null,
        "UserNS": "",
        "PodmanArgs": null,
        "PidsLimit": 0
      },
      "Volumes": [
        {
          "Name": "basic-multi-service-basic-multi-service_app-data",
          "Driver": "local",
          "Options": null,
          "Labels": null,
          "External": false
        },
        {
          "Name": "basic-multi-service-basic-multi-service_db-data",
          "Driver": "local",
          "Options": null,
          "Labels": null,
          "External": false
        }
      ],
      "Networks": [
        {
          "Name": "basic-multi-service-basic-multi-service_backend",
          "Driver": "bridge",
          "Options": null,
          "Labels": null,
          "IPAM": null,
          "Internal": false,
          "IPv6": false,
          "External": false
        },
        {
          "Name": "basic-multi-service-basic-multi-service_frontend",
          "Driver": "bridge",
          "Options": null,
          "Labels": null,
          "IPAM": null,
          "Internal": false,
          "IPv6": false,
          "External": false
        }
      ],
      "DependsOn": null,
      "Annotations": null
    },
    {
      "Name": "basic-multi-service-web",
      "Description": "Service web from project basic-multi-service",
      "Container": {
        "Image": "nginx:1.25",
        "Command": null,
        "Args": null,
        "Env": {},
        "EnvFiles": null,
        "WorkingDir": "",
        "User": "",
        "Group": "",
        "Ports": [
          {
            "Host": "",
            "HostPort": 8080,
            "Container": 80,
            "Protocol": "tcp"
          }
        ],
        "Mounts": null,
        "Resources": {
          "Memory": "",
          "MemoryReservation": "",
          "MemorySwap": "",
          "CPUShares": 0,
          "CPUQuota": 0,
          "CPUPeriod": 0,
          "PidsLimit": 0
        },
        "RestartPolicy": "unless-stopped",
        "Healthcheck": null,
        "Security": {
          "Privileged": false,
          "CapAdd": null,
          "CapDrop": null,
          "SecurityOpt": null,
          "ReadonlyRootfs": false,
          "SELinuxType": "",
          "AppArmorProfile": "",
          "SeccompProfile": ""
        },
        "Build": null,
        "Labels": null,
        "Hostname": "",
        "ContainerName": "basic-multi-service-web",
        "Entrypoint": null,
        "Init": false,
        "ReadOnly": false,
        "Logging": {
          "Driver": "",
          "Options": null
        },
        "Secrets": null,
        "Network": {
          "Mode": "bridge",
          "Aliases": null
        },
        "Tmpfs": null,
        "Ulimits": null,
        "Sysctls": null,
        "UserNS": "",
        "PodmanArgs": null,
        "PidsLimit": 0
      },
      "Volumes": [
        {
          "Name": "basic-multi-service-basic-multi-service_app-data",
          "Driver": "local",
          "Options": null,
          "Labels": null,
          "External": false
        },
        {
          "Name": "basic-multi-service-basic-multi-service_db-data",
          "Driver": "local",
          "Options": null,
          "Labels": null,
          "External": false
        }
      ],
      "Networks": [
        {
          "Name": "basic-multi-service-basic-multi-service_backend",
          "Driver": "bridge",
          "Options": null,
          "Labels": null,
          "IPAM": null,
          "Internal": false,
          "IPv6": false,
          "External": false
        },
        {
          "Name": "basic-multi-service-basic-multi-service_frontend",
          "Driver": "bridge",
          "Options": null,
          "Labels": null,
          "IPAM": null,
          "Internal": false,
          "IPv6": false,
          "External": false
        }
      ],
      "DependsOn": [
        "basic-multi-service-app"
      ],
      "Annotations": null
    }
  ],
  "volumes": [
    {
      "Name": "basic-multi-service-basic-multi-service_app-data",
      "Driver": "local",
      "Options": null,
      "Labels": null,
      "External": false
    },
    {
      "Name": "basic-multi-service-basic-multi-service_db-data",
      "Driver": "local",
      "Options": null,
      "Labels": null,
      "External": false
    }
  ],
  "networks": [
    {
      "Name": "basic-multi-service-basic-multi-service_backend",
      "Driver": "bridge",
      "Options": null,
      "Labels": null,
      "IPAM": null,
      "Internal": false,
      "IPv6": false,
      "External": false
    },
    {
      "Name": "basic-multi-service-basic-multi-service_frontend",
      "Driver": "bridge",
      "Options": null,
      "Labels": null,
      "IPAM": null,
      "Internal": false,
      "IPv6": false,
      "External": false
    }
  ]
}